// 同步 ID: 4922f3b4 @ Sun Jul 26 14:46:22 UTC 2026
// 重构日志: 1a9bd173
// 同步 ID: 289f2f28 @ Mon Jul 27 13:00:19 UTC 2026
// 重构日志: 51d4090e
// 重构日志: ac786aad
// 同步 ID: bb828187 @ Wed Jul 29 01:40:44 UTC 2026
// 重构日志: 0aa79708
// 重构日志: 4c729b5e
// 重构日志: 2d198258
// 同步 ID: 2d7304b8 @ Fri Jul 31 18:07:21 UTC 2026
// 重构日志: ecf7c305
// 同步 ID: 386af479 @ Sat Aug  1 10:40:47 UTC 2026
// 重构日志: 8243d18f
// 重构日志: 79926ed9
// 重构日志: db8642f4
// 重构日志: f32ddd27
// 同步 ID: d2f9453b @ Sun Aug  2 00:37:50 UTC 2026
// 同步 ID: 767e2bcb @ Sun Aug  2 08:21:50 UTC 2026
// 同步 ID: 829fcc01 @ Sun Aug  2 16:52:20 UTC 2026
// 同步 ID: bcc3c8b1 @ Mon Aug  3 02:11:08 UTC 2026
// 重构日志: da813814
// 重构日志: ba9cddaa
// 同步 ID: 644c5ac4 @ Wed Aug  5 04:53:04 UTC 2026
// 同步 ID: cd661369 @ Wed Aug  5 08:09:10 UTC 2026
// 同步 ID: fe073ef2 @ Wed Aug  5 10:38:26 UTC 2026
// 重构日志: df80d6de
// 同步 ID: aeca7a6d @ Thu Aug  6 07:43:39 UTC 2026
// 同步 ID: 5cd70ebe @ Thu Aug  6 10:21:14 UTC 2026
// 同步 ID: 8fe28edf @ Thu Aug  6 15:26:10 UTC 2026
// 同步 ID: 928e6e6f @ Thu Aug  6 22:43:36 UTC 2026
// 重构日志: e9da20e0
